[INFO] Scanning for projects...
[INFO] 
[INFO] ----------------< com.qa.mobile:AppiumMobileAutomation >----------------
[INFO] Building AppiumMobileAutomation 0.0.1-SNAPSHOT
[INFO]   from pom.xml
[INFO] --------------------------------[ jar ]---------------------------------
[INFO] 
[INFO] --- clean:3.2.0:clean (default-clean) @ AppiumMobileAutomation ---
[INFO] Deleting /Users/ranajitchowdhury/eclipse-workspace/AppiumMobileAutomation/target
[INFO] 
[INFO] --- resources:3.4.0:resources (default-resources) @ AppiumMobileAutomation ---
[WARNING] Using platform encoding (UTF-8 actually) to copy filtered resources, i.e. build is platform dependent!
[INFO] Copying 0 resource from src/main/resources to target/classes
[INFO] 
[INFO] --- compiler:3.15.0:compile (default-compile) @ AppiumMobileAutomation ---
[INFO] Recompiling the module because of changed source code.
[WARNING] File encoding has not been set, using platform encoding UTF-8, i.e. build is platform dependent!
[INFO] Compiling 2 source files with javac [debug target 17] to target/classes
[INFO] 
[INFO] --- resources:3.4.0:testResources (default-testResources) @ AppiumMobileAutomation ---
[WARNING] Using platform encoding (UTF-8 actually) to copy filtered resources, i.e. build is platform dependent!
[INFO] Copying 1 resource from src/test/resources to target/test-classes
[INFO] 
[INFO] --- compiler:3.15.0:testCompile (default-testCompile) @ AppiumMobileAutomation ---
[INFO] Recompiling the module because of changed dependency.
[WARNING] File encoding has not been set, using platform encoding UTF-8, i.e. build is platform dependent!
[INFO] Compiling 2 source files with javac [debug target 17] to target/test-classes
[INFO] 
[INFO] --- surefire:2.22.2:test (default-test) @ AppiumMobileAutomation ---
[INFO] 
[INFO] -------------------------------------------------------
[INFO]  T E S T S
[INFO] -------------------------------------------------------
[INFO] Running TestSuite
=== SMOKE TEST PASSED ===
[INFO] Tests run: 1, Failures: 0, Errors: 0, Skipped: 0, Time elapsed: 0.157 s - in TestSuite
[INFO] 
[INFO] Results:
[INFO] 
[INFO] Tests run: 1, Failures: 0, Errors: 0, Skipped: 0
[INFO] 
[INFO] ------------------------------------------------------------------------
[INFO] BUILD SUCCESS
[INFO] ------------------------------------------------------------------------
[INFO] Total time:  1.916 s
[INFO] Finished at: 2026-06-22T23:09:55-04:00
[INFO] ------------------------------------------------------------------------
